src/core/db/index.ts(1,10): error TS2305: Module '"@prisma/client"' has no exported member 'PrismaClient'.
src/modules/blind-box-assignment/assignment.service.ts(4,15): error TS2305: Module '"@prisma/client"' has no exported member 'BlindBoxItem'.
